\BOOKMARK [1][-]{section.1}{\376\377\000T\036\325\000n\000g\000\040\000q\000u\000\341\000t}{}% 1
\BOOKMARK [1][-]{section.2}{\376\377\000K\000h\036\243\000o\000\040\000s\000\341\000t\000\040\000h\000i\036\307\000n\000\040\000t\000r\036\241\000n\000g}{}% 2
\BOOKMARK [2][-]{subsection.3}{\376\377\000K\000h\036\243\000o\000\040\000s\000\341\000t\000\040\000t\036\353\000\040\000n\000g\001\260\036\335\000i\000\040\000d\000\371\000n\000g\000\040\000v\000\340\000\040\000c\000\341\000c\000\040\000h\036\307\000\040\000t\000h\036\321\000n\000g\000\040\000h\000i\036\307\000n\000\040\000c\000\363}{section.2}% 3
\BOOKMARK [1][-]{section.5}{\376\377\000T\036\325\000n\000g\000\040\000q\000u\000a\000n\000\040\000c\000h\036\351\000c\000\040\000n\001\003\000n\000g}{}% 4
\BOOKMARK [2][-]{subsection.6}{\376\377\000B\000i\036\303\000u\000\040\001\021\036\323\000\040\000u\000s\000e\000c\000a\000s\000e\000\040\000t\036\325\000n\000g\000\040\000q\000u\000\341\000t}{section.5}% 5
\BOOKMARK [2][-]{subsection.8}{\376\377\000B\000i\036\303\000u\000\040\001\021\036\323\000\040\000u\000s\000e\000\040\000c\000a\000s\000e\000\040\000p\000h\000\342\000n\000\040\000r\000\343\000\040\000`\000`\000Q\000u\036\243\000n\000\040\000l\000\375\000\040\001\021\001\241\000n\000\040\000q\000u\000y\000\352\000n\000\040\000g\000\363\000p\000'\000'}{section.5}% 6
\BOOKMARK [2][-]{subsection.10}{\376\377\000B\000i\036\303\000u\000\040\001\021\036\323\000\040\000u\000s\000e\000\040\000c\000a\000s\000e\000\040\000p\000h\000\342\000n\000\040\000r\000\343\000\040\000`\000`\000T\000\354\000m\000\040\000v\000\340\000\040\000n\000h\036\255\000n\000\040\000t\000h\036\361\000c\000\040\000p\000h\036\251\000m\000'\000'}{section.5}% 7
\BOOKMARK [2][-]{subsection.12}{\376\377\000B\000i\036\303\000u\000\040\001\021\036\323\000\040\000u\000s\000e\000\040\000c\000a\000s\000e\000\040\000p\000h\000\342\000n\000\040\000r\000\343\000\040\000`\000`\000N\000h\036\255\000n\000\040\000v\000\340\000\040\000g\000i\000a\000o\000\040\001\021\001\241\000n\000'\000'}{section.5}% 8
\BOOKMARK [2][-]{subsection.14}{\376\377\000B\000i\036\303\000u\000\040\001\021\036\323\000\040\000u\000s\000e\000\040\000c\000a\000s\000e\000\040\000p\000h\000\342\000n\000\040\000r\000\343\000\040\000`\000`\001\020\001\003\000n\000g\000\040\000k\000\375\000\040\000t\000\340\000i\000\040\000k\000h\000o\036\243\000n\000'}{section.5}% 9
\BOOKMARK [2][-]{subsection.16}{\376\377\000Q\000u\000y\000\040\000t\000r\000\354\000n\000h\000\040\000n\000g\000h\000i\036\307\000p\000\040\000v\036\345}{section.5}% 10
\BOOKMARK [1][-]{section.18}{\376\377\001\020\036\267\000c\000\040\000t\036\243\000\040\000c\000h\036\351\000c\000\040\000n\001\003\000n\000g}{}% 11
\BOOKMARK [2][-]{subsection.19}{\376\377\001\020\036\267\000c\000\040\000t\036\243\000\040\000u\000s\000e\000\040\000c\000a\000s\000e\000\040\001\020\001\003\000n\000g\000\040\001\021\001\241\000n\000\040\000q\000u\000y\000\352\000n\000\040\000g\000\363\000p}{section.18}% 12
\BOOKMARK [2][-]{subsection.21}{\376\377\001\020\036\267\000c\000\040\000t\036\243\000\040\000u\000s\000e\000\040\000c\000a\000s\000e\000\040\000T\000\354\000m\000\040\000v\000\340\000\040\000n\000h\036\255\000n\000\040\000t\000h\036\361\000c\000\040\000p\000h\036\251\000m}{section.18}% 13
\BOOKMARK [2][-]{subsection.23}{\376\377\000\040\001\020\036\267\000c\000\040\000t\036\243\000\040\000u\000s\000e\000\040\000c\000a\000s\000e\000\040\001\020\001\003\000n\000g\000\040\000k\000\375\000\040\000t\000\340\000i\000\040\000k\000h\000o\036\243\000n}{section.18}% 14
\BOOKMARK [2][-]{subsection.25}{\376\377\000\040\001\020\036\267\000c\000\040\000t\036\243\000\040\000u\000s\000e\000\040\000c\000a\000s\000e\000\040\000T\000r\000a\000o\000\040\001\021\036\325\000i\000\040\000q\000u\000a\000\040\000t\000i\000n\000\040\000n\000h\036\257\000n}{section.18}% 15
\BOOKMARK [1][-]{section.27}{\376\377\000Y\000\352\000u\000\040\000c\036\247\000u\000\040\000p\000h\000i\000\040\000c\000h\036\351\000c\000\040\000n\001\003\000n\000g}{}% 16
\BOOKMARK [2][-]{subsection.28}{\376\377\000V\036\301\000\040\000h\000i\036\307\000u\000\040\000n\001\003\000n\000g}{section.27}% 17
\BOOKMARK [2][-]{subsection.29}{\376\377\000V\036\301\000\040\001\021\036\331\000\040\000t\000i\000n\000\040\000c\036\255\000y}{section.27}% 18
\BOOKMARK [2][-]{subsection.30}{\376\377\000V\036\301\000\040\000t\000\355\000n\000h\000\040\000d\036\305\000\040\000s\036\355\000\040\000d\036\345\000n\000g}{section.27}% 19
\BOOKMARK [2][-]{subsection.31}{\376\377\000V\036\301\000\040\000t\000\355\000n\000h\000\040\000d\036\305\000\040\000b\036\243\000o\000\040\000t\000r\000\354}{section.27}% 20
\BOOKMARK [2][-]{subsection.32}{\376\377\000V\036\301\000\040\000t\000\355\000n\000h\000\040\000b\036\243\000o\000\040\000m\036\255\000t\000\040\000v\000\340\000\040\000p\000h\000\342\000n\000\040\000q\000u\000y\036\301\000n}{section.27}% 21
\BOOKMARK [2][-]{subsection.33}{\376\377\000V\036\301\000\040\000y\000\352\000u\000\040\000c\036\247\000u\000\040\000k\036\371\000\040\000t\000h\000u\036\255\000t}{section.27}% 22
